// Jest Snapshot v1, https://goo.gl/fbAQLP

exports[`should render AddExpensePage correctly 1`] = `
<div>
  <h1>
    Add new expenses
  </h1>
  <ExpenseForm
    onSubmit={[Function]}
  />
</div>
`;
