// Jest Snapshot v1, https://goo.gl/fbAQLP

exports[`should render an expenselist item 1`] = `
<div>
  <Link
    replace={false}
    to="/edit/2"
  >
    <h3>
      Rent
    </h3>
  </Link>
  <p>
    $6.50
     - 
    December 28th, 1969
  </p>
</div>
`;
